// Jest Snapshot v1, https://goo.gl/fbAQLP

exports[`plugin less test config 1`] = `
Array [
  Object {
    "tools": Object {
      "webpackChain": [Function],
    },
  },
]
`;

exports[`plugin less test schema 1`] = `
Array [
  Array [
    Object {
      "schema": Object {
        "typeof": Array [
          "object",
          "function",
        ],
      },
      "target": "tools.less",
    },
  ],
]
`;
