// Jest Snapshot v1, https://goo.gl/fbAQLP

exports[`prettyInstructions The src directory does not exist 1`] = `
"App running at:

  > Network:  http://127.0.0.1:8080/api
  > Network:  http://11.11.111.11:8080/api
  > Network:  http://10.100.100.100:8080/api
"
`;

exports[`prettyInstructions basic usage 1`] = `
"App running at:

  > Network:  http://127.0.0.1:8080/
  > Network:  http://11.11.111.11:8080/
  > Network:  http://10.100.100.100:8080/
"
`;
