// Jest Snapshot v1, https://goo.gl/fbAQLP

exports[`bff cli plugin config 1`] = `
Array [
  Object {
    "source": Object {
      "moduleScopes": Array [
        "./api",
      ],
    },
    "tools": Object {
      "webpack": [Function],
    },
  },
]
`;

exports[`bff cli plugin config webpack chain 1`] = `
Object {
  "module": Object {
    "rules": Array [
      Object {
        "oneOf": Array [
          Object {
            "test": /\\.\\\\/fixtures\\\\/function\\\\/api\\\\/\\.\\*\\(\\.\\[tj\\]s\\)\\$/,
            "use": Array [
              Object {
                "loader": "/packages/cli/plugin-bff/src/loader.ts",
                "options": Object {
                  "apiDir": "/packages/cli/plugin-bff/fixtures/function/api",
                  "fetcher": undefined,
                  "port": 3000,
                  "prefix": "/api",
                  "target": undefined,
                },
              },
            ],
          },
        ],
      },
    ],
  },
  "resolve": Object {
    "alias": Object {
      "@api": "/packages/cli/plugin-bff/fixtures/function/api",
    },
  },
}
`;

exports[`bff cli plugin schema 1`] = `
Array [
  Array [
    Object {
      "schema": Object {
        "properties": Object {
          "fetcher": Object {
            "type": "string",
          },
          "prefix": Object {
            "type": "string",
          },
          "proxy": Object {
            "type": "object",
          },
          "requestCreater": Object {
            "type": "string",
          },
        },
        "type": "object",
      },
      "target": "bff",
    },
  ],
]
`;

exports[`bff cli plugin server routes 1`] = `
Object {
  "routes": Array [
    Object {
      "entryPath": "",
      "isApi": true,
      "isSPA": false,
      "isSSR": false,
      "urlPath": "/api",
    },
  ],
}
`;
