// Jest Snapshot v1, https://goo.gl/fbAQLP

exports[`constants unPresetWithTargetConfigs 1`] = `
Object {
  "npm-component-es2015": Array [
    Object {
      "buildType": "bundleless",
      "format": "cjs",
      "outputPath": "./lib",
      "target": "es2015",
    },
    Object {
      "buildType": "bundleless",
      "format": "esm",
      "outputPath": "./es",
      "target": "es2015",
    },
    Object {
      "buildType": "bundleless",
      "dtsOnly": true,
      "enableDts": true,
      "outputPath": "./types",
      "target": "es2015",
    },
  ],
  "npm-component-es2016": Array [
    Object {
      "buildType": "bundleless",
      "format": "cjs",
      "outputPath": "./lib",
      "target": "es2016",
    },
    Object {
      "buildType": "bundleless",
      "format": "esm",
      "outputPath": "./es",
      "target": "es2016",
    },
    Object {
      "buildType": "bundleless",
      "dtsOnly": true,
      "enableDts": true,
      "outputPath": "./types",
      "target": "es2016",
    },
  ],
  "npm-component-es2017": Array [
    Object {
      "buildType": "bundleless",
      "format": "cjs",
      "outputPath": "./lib",
      "target": "es2017",
    },
    Object {
      "buildType": "bundleless",
      "format": "esm",
      "outputPath": "./es",
      "target": "es2017",
    },
    Object {
      "buildType": "bundleless",
      "dtsOnly": true,
      "enableDts": true,
      "outputPath": "./types",
      "target": "es2017",
    },
  ],
  "npm-component-es2018": Array [
    Object {
      "buildType": "bundleless",
      "format": "cjs",
      "outputPath": "./lib",
      "target": "es2018",
    },
    Object {
      "buildType": "bundleless",
      "format": "esm",
      "outputPath": "./es",
      "target": "es2018",
    },
    Object {
      "buildType": "bundleless",
      "dtsOnly": true,
      "enableDts": true,
      "outputPath": "./types",
      "target": "es2018",
    },
  ],
  "npm-component-es2019": Array [
    Object {
      "buildType": "bundleless",
      "format": "cjs",
      "outputPath": "./lib",
      "target": "es2019",
    },
    Object {
      "buildType": "bundleless",
      "format": "esm",
      "outputPath": "./es",
      "target": "es2019",
    },
    Object {
      "buildType": "bundleless",
      "dtsOnly": true,
      "enableDts": true,
      "outputPath": "./types",
      "target": "es2019",
    },
  ],
  "npm-component-es2020": Array [
    Object {
      "buildType": "bundleless",
      "format": "cjs",
      "outputPath": "./lib",
      "target": "es2020",
    },
    Object {
      "buildType": "bundleless",
      "format": "esm",
      "outputPath": "./es",
      "target": "es2020",
    },
    Object {
      "buildType": "bundleless",
      "dtsOnly": true,
      "enableDts": true,
      "outputPath": "./types",
      "target": "es2020",
    },
  ],
  "npm-component-es5": Array [
    Object {
      "buildType": "bundleless",
      "format": "cjs",
      "outputPath": "./lib",
      "target": "es5",
    },
    Object {
      "buildType": "bundleless",
      "format": "esm",
      "outputPath": "./es",
      "target": "es5",
    },
    Object {
      "buildType": "bundleless",
      "dtsOnly": true,
      "enableDts": true,
      "outputPath": "./types",
      "target": "es5",
    },
  ],
  "npm-component-es6": Array [
    Object {
      "buildType": "bundleless",
      "format": "cjs",
      "outputPath": "./lib",
      "target": "es6",
    },
    Object {
      "buildType": "bundleless",
      "format": "esm",
      "outputPath": "./es",
      "target": "es6",
    },
    Object {
      "buildType": "bundleless",
      "dtsOnly": true,
      "enableDts": true,
      "outputPath": "./types",
      "target": "es6",
    },
  ],
  "npm-component-esnext": Array [
    Object {
      "buildType": "bundleless",
      "format": "cjs",
      "outputPath": "./lib",
      "target": "esnext",
    },
    Object {
      "buildType": "bundleless",
      "format": "esm",
      "outputPath": "./es",
      "target": "esnext",
    },
    Object {
      "buildType": "bundleless",
      "dtsOnly": true,
      "enableDts": true,
      "outputPath": "./types",
      "target": "esnext",
    },
  ],
  "npm-component-with-umd-es2015": Array [
    Object {
      "buildType": "bundleless",
      "format": "cjs",
      "outputPath": "./lib",
      "target": "es2015",
    },
    Object {
      "buildType": "bundleless",
      "format": "esm",
      "outputPath": "./es",
      "target": "es2015",
    },
    Object {
      "buildType": "bundle",
      "format": "umd",
      "outputPath": "./umd",
      "target": "es2015",
    },
    Object {
      "buildType": "bundleless",
      "dtsOnly": true,
      "enableDts": true,
      "outputPath": "./types",
      "target": "es2015",
    },
  ],
  "npm-component-with-umd-es2016": Array [
    Object {
      "buildType": "bundleless",
      "format": "cjs",
      "outputPath": "./lib",
      "target": "es2016",
    },
    Object {
      "buildType": "bundleless",
      "format": "esm",
      "outputPath": "./es",
      "target": "es2016",
    },
    Object {
      "buildType": "bundle",
      "format": "umd",
      "outputPath": "./umd",
      "target": "es2016",
    },
    Object {
      "buildType": "bundleless",
      "dtsOnly": true,
      "enableDts": true,
      "outputPath": "./types",
      "target": "es2016",
    },
  ],
  "npm-component-with-umd-es2017": Array [
    Object {
      "buildType": "bundleless",
      "format": "cjs",
      "outputPath": "./lib",
      "target": "es2017",
    },
    Object {
      "buildType": "bundleless",
      "format": "esm",
      "outputPath": "./es",
      "target": "es2017",
    },
    Object {
      "buildType": "bundle",
      "format": "umd",
      "outputPath": "./umd",
      "target": "es2017",
    },
    Object {
      "buildType": "bundleless",
      "dtsOnly": true,
      "enableDts": true,
      "outputPath": "./types",
      "target": "es2017",
    },
  ],
  "npm-component-with-umd-es2018": Array [
    Object {
      "buildType": "bundleless",
      "format": "cjs",
      "outputPath": "./lib",
      "target": "es2018",
    },
    Object {
      "buildType": "bundleless",
      "format": "esm",
      "outputPath": "./es",
      "target": "es2018",
    },
    Object {
      "buildType": "bundle",
      "format": "umd",
      "outputPath": "./umd",
      "target": "es2018",
    },
    Object {
      "buildType": "bundleless",
      "dtsOnly": true,
      "enableDts": true,
      "outputPath": "./types",
      "target": "es2018",
    },
  ],
  "npm-component-with-umd-es2019": Array [
    Object {
      "buildType": "bundleless",
      "format": "cjs",
      "outputPath": "./lib",
      "target": "es2019",
    },
    Object {
      "buildType": "bundleless",
      "format": "esm",
      "outputPath": "./es",
      "target": "es2019",
    },
    Object {
      "buildType": "bundle",
      "format": "umd",
      "outputPath": "./umd",
      "target": "es2019",
    },
    Object {
      "buildType": "bundleless",
      "dtsOnly": true,
      "enableDts": true,
      "outputPath": "./types",
      "target": "es2019",
    },
  ],
  "npm-component-with-umd-es2020": Array [
    Object {
      "buildType": "bundleless",
      "format": "cjs",
      "outputPath": "./lib",
      "target": "es2020",
    },
    Object {
      "buildType": "bundleless",
      "format": "esm",
      "outputPath": "./es",
      "target": "es2020",
    },
    Object {
      "buildType": "bundle",
      "format": "umd",
      "outputPath": "./umd",
      "target": "es2020",
    },
    Object {
      "buildType": "bundleless",
      "dtsOnly": true,
      "enableDts": true,
      "outputPath": "./types",
      "target": "es2020",
    },
  ],
  "npm-component-with-umd-es5": Array [
    Object {
      "buildType": "bundleless",
      "format": "cjs",
      "outputPath": "./lib",
      "target": "es5",
    },
    Object {
      "buildType": "bundleless",
      "format": "esm",
      "outputPath": "./es",
      "target": "es5",
    },
    Object {
      "buildType": "bundle",
      "format": "umd",
      "outputPath": "./umd",
      "target": "es5",
    },
    Object {
      "buildType": "bundleless",
      "dtsOnly": true,
      "enableDts": true,
      "outputPath": "./types",
      "target": "es5",
    },
  ],
  "npm-component-with-umd-es6": Array [
    Object {
      "buildType": "bundleless",
      "format": "cjs",
      "outputPath": "./lib",
      "target": "es6",
    },
    Object {
      "buildType": "bundleless",
      "format": "esm",
      "outputPath": "./es",
      "target": "es6",
    },
    Object {
      "buildType": "bundle",
      "format": "umd",
      "outputPath": "./umd",
      "target": "es6",
    },
    Object {
      "buildType": "bundleless",
      "dtsOnly": true,
      "enableDts": true,
      "outputPath": "./types",
      "target": "es6",
    },
  ],
  "npm-component-with-umd-esnext": Array [
    Object {
      "buildType": "bundleless",
      "format": "cjs",
      "outputPath": "./lib",
      "target": "esnext",
    },
    Object {
      "buildType": "bundleless",
      "format": "esm",
      "outputPath": "./es",
      "target": "esnext",
    },
    Object {
      "buildType": "bundle",
      "format": "umd",
      "outputPath": "./umd",
      "target": "esnext",
    },
    Object {
      "buildType": "bundleless",
      "dtsOnly": true,
      "enableDts": true,
      "outputPath": "./types",
      "target": "esnext",
    },
  ],
  "npm-library-es2015": Array [
    Object {
      "buildType": "bundle",
      "format": "cjs",
      "outputPath": "./lib",
      "target": "es2015",
    },
    Object {
      "buildType": "bundle",
      "format": "esm",
      "outputPath": "./es",
      "target": "es2015",
    },
    Object {
      "buildType": "bundle",
      "dtsOnly": true,
      "enableDts": true,
      "outputPath": "./types",
      "target": "es2015",
    },
  ],
  "npm-library-es2016": Array [
    Object {
      "buildType": "bundle",
      "format": "cjs",
      "outputPath": "./lib",
      "target": "es2016",
    },
    Object {
      "buildType": "bundle",
      "format": "esm",
      "outputPath": "./es",
      "target": "es2016",
    },
    Object {
      "buildType": "bundle",
      "dtsOnly": true,
      "enableDts": true,
      "outputPath": "./types",
      "target": "es2016",
    },
  ],
  "npm-library-es2017": Array [
    Object {
      "buildType": "bundle",
      "format": "cjs",
      "outputPath": "./lib",
      "target": "es2017",
    },
    Object {
      "buildType": "bundle",
      "format": "esm",
      "outputPath": "./es",
      "target": "es2017",
    },
    Object {
      "buildType": "bundle",
      "dtsOnly": true,
      "enableDts": true,
      "outputPath": "./types",
      "target": "es2017",
    },
  ],
  "npm-library-es2018": Array [
    Object {
      "buildType": "bundle",
      "format": "cjs",
      "outputPath": "./lib",
      "target": "es2018",
    },
    Object {
      "buildType": "bundle",
      "format": "esm",
      "outputPath": "./es",
      "target": "es2018",
    },
    Object {
      "buildType": "bundle",
      "dtsOnly": true,
      "enableDts": true,
      "outputPath": "./types",
      "target": "es2018",
    },
  ],
  "npm-library-es2019": Array [
    Object {
      "buildType": "bundle",
      "format": "cjs",
      "outputPath": "./lib",
      "target": "es2019",
    },
    Object {
      "buildType": "bundle",
      "format": "esm",
      "outputPath": "./es",
      "target": "es2019",
    },
    Object {
      "buildType": "bundle",
      "dtsOnly": true,
      "enableDts": true,
      "outputPath": "./types",
      "target": "es2019",
    },
  ],
  "npm-library-es2020": Array [
    Object {
      "buildType": "bundle",
      "format": "cjs",
      "outputPath": "./lib",
      "target": "es2020",
    },
    Object {
      "buildType": "bundle",
      "format": "esm",
      "outputPath": "./es",
      "target": "es2020",
    },
    Object {
      "buildType": "bundle",
      "dtsOnly": true,
      "enableDts": true,
      "outputPath": "./types",
      "target": "es2020",
    },
  ],
  "npm-library-es5": Array [
    Object {
      "buildType": "bundle",
      "format": "cjs",
      "outputPath": "./lib",
      "target": "es5",
    },
    Object {
      "buildType": "bundle",
      "format": "esm",
      "outputPath": "./es",
      "target": "es5",
    },
    Object {
      "buildType": "bundle",
      "dtsOnly": true,
      "enableDts": true,
      "outputPath": "./types",
      "target": "es5",
    },
  ],
  "npm-library-es6": Array [
    Object {
      "buildType": "bundle",
      "format": "cjs",
      "outputPath": "./lib",
      "target": "es6",
    },
    Object {
      "buildType": "bundle",
      "format": "esm",
      "outputPath": "./es",
      "target": "es6",
    },
    Object {
      "buildType": "bundle",
      "dtsOnly": true,
      "enableDts": true,
      "outputPath": "./types",
      "target": "es6",
    },
  ],
  "npm-library-esnext": Array [
    Object {
      "buildType": "bundle",
      "format": "cjs",
      "outputPath": "./lib",
      "target": "esnext",
    },
    Object {
      "buildType": "bundle",
      "format": "esm",
      "outputPath": "./es",
      "target": "esnext",
    },
    Object {
      "buildType": "bundle",
      "dtsOnly": true,
      "enableDts": true,
      "outputPath": "./types",
      "target": "esnext",
    },
  ],
  "npm-library-with-umd-es2015": Array [
    Object {
      "buildType": "bundle",
      "format": "cjs",
      "outputPath": "./lib",
      "target": "es2015",
    },
    Object {
      "buildType": "bundle",
      "format": "esm",
      "outputPath": "./es",
      "target": "es2015",
    },
    Object {
      "buildType": "bundle",
      "format": "umd",
      "outputPath": "./umd",
      "target": "es2015",
    },
    Object {
      "buildType": "bundle",
      "dtsOnly": true,
      "enableDts": true,
      "outputPath": "./types",
      "target": "es2015",
    },
  ],
  "npm-library-with-umd-es2016": Array [
    Object {
      "buildType": "bundle",
      "format": "cjs",
      "outputPath": "./lib",
      "target": "es2016",
    },
    Object {
      "buildType": "bundle",
      "format": "esm",
      "outputPath": "./es",
      "target": "es2016",
    },
    Object {
      "buildType": "bundle",
      "format": "umd",
      "outputPath": "./umd",
      "target": "es2016",
    },
    Object {
      "buildType": "bundle",
      "dtsOnly": true,
      "enableDts": true,
      "outputPath": "./types",
      "target": "es2016",
    },
  ],
  "npm-library-with-umd-es2017": Array [
    Object {
      "buildType": "bundle",
      "format": "cjs",
      "outputPath": "./lib",
      "target": "es2017",
    },
    Object {
      "buildType": "bundle",
      "format": "esm",
      "outputPath": "./es",
      "target": "es2017",
    },
    Object {
      "buildType": "bundle",
      "format": "umd",
      "outputPath": "./umd",
      "target": "es2017",
    },
    Object {
      "buildType": "bundle",
      "dtsOnly": true,
      "enableDts": true,
      "outputPath": "./types",
      "target": "es2017",
    },
  ],
  "npm-library-with-umd-es2018": Array [
    Object {
      "buildType": "bundle",
      "format": "cjs",
      "outputPath": "./lib",
      "target": "es2018",
    },
    Object {
      "buildType": "bundle",
      "format": "esm",
      "outputPath": "./es",
      "target": "es2018",
    },
    Object {
      "buildType": "bundle",
      "format": "umd",
      "outputPath": "./umd",
      "target": "es2018",
    },
    Object {
      "buildType": "bundle",
      "dtsOnly": true,
      "enableDts": true,
      "outputPath": "./types",
      "target": "es2018",
    },
  ],
  "npm-library-with-umd-es2019": Array [
    Object {
      "buildType": "bundle",
      "format": "cjs",
      "outputPath": "./lib",
      "target": "es2019",
    },
    Object {
      "buildType": "bundle",
      "format": "esm",
      "outputPath": "./es",
      "target": "es2019",
    },
    Object {
      "buildType": "bundle",
      "format": "umd",
      "outputPath": "./umd",
      "target": "es2019",
    },
    Object {
      "buildType": "bundle",
      "dtsOnly": true,
      "enableDts": true,
      "outputPath": "./types",
      "target": "es2019",
    },
  ],
  "npm-library-with-umd-es2020": Array [
    Object {
      "buildType": "bundle",
      "format": "cjs",
      "outputPath": "./lib",
      "target": "es2020",
    },
    Object {
      "buildType": "bundle",
      "format": "esm",
      "outputPath": "./es",
      "target": "es2020",
    },
    Object {
      "buildType": "bundle",
      "format": "umd",
      "outputPath": "./umd",
      "target": "es2020",
    },
    Object {
      "buildType": "bundle",
      "dtsOnly": true,
      "enableDts": true,
      "outputPath": "./types",
      "target": "es2020",
    },
  ],
  "npm-library-with-umd-es5": Array [
    Object {
      "buildType": "bundle",
      "format": "cjs",
      "outputPath": "./lib",
      "target": "es5",
    },
    Object {
      "buildType": "bundle",
      "format": "esm",
      "outputPath": "./es",
      "target": "es5",
    },
    Object {
      "buildType": "bundle",
      "format": "umd",
      "outputPath": "./umd",
      "target": "es5",
    },
    Object {
      "buildType": "bundle",
      "dtsOnly": true,
      "enableDts": true,
      "outputPath": "./types",
      "target": "es5",
    },
  ],
  "npm-library-with-umd-es6": Array [
    Object {
      "buildType": "bundle",
      "format": "cjs",
      "outputPath": "./lib",
      "target": "es6",
    },
    Object {
      "buildType": "bundle",
      "format": "esm",
      "outputPath": "./es",
      "target": "es6",
    },
    Object {
      "buildType": "bundle",
      "format": "umd",
      "outputPath": "./umd",
      "target": "es6",
    },
    Object {
      "buildType": "bundle",
      "dtsOnly": true,
      "enableDts": true,
      "outputPath": "./types",
      "target": "es6",
    },
  ],
  "npm-library-with-umd-esnext": Array [
    Object {
      "buildType": "bundle",
      "format": "cjs",
      "outputPath": "./lib",
      "target": "esnext",
    },
    Object {
      "buildType": "bundle",
      "format": "esm",
      "outputPath": "./es",
      "target": "esnext",
    },
    Object {
      "buildType": "bundle",
      "format": "umd",
      "outputPath": "./umd",
      "target": "esnext",
    },
    Object {
      "buildType": "bundle",
      "dtsOnly": true,
      "enableDts": true,
      "outputPath": "./types",
      "target": "esnext",
    },
  ],
}
`;
