// Jest Snapshot v1, https://goo.gl/fbAQLP

exports[`styled default 1`] = `[Function]`;
